// Jest Snapshot v1, https://goo.gl/fbAQLP

exports[`Footer renders without crashing 1`] = `
<footer
  className="footer"
>
  <p
    className="legend"
  >
    Cristian Perrone for Moniâ„¢
  </p>
</footer>
`;
