// Jest Snapshot v1, https://goo.gl/fbAQLP

exports[`SectionTitle renders without crashing 1`] = `
<h2
  className="section-title"
>
  Test Content
</h2>
`;
