// Jest Snapshot v1, https://goo.gl/fbAQLP

exports[`Nav renders without crashing 1`] = `
<main
  className="main"
>
  <h1>
    Dashboard
  </h1>
</main>
`;
